CLASS:Coverage_!PREABILITY	!PREABILITY:1,Test
CLASS:Coverage_!PREAGESET	!PREAGESET:1,Test
CLASS:Coverage_!PREALIGN	!PREALIGN:1,Test
CLASS:Coverage_!PRECAMPAIGN	!PRECAMPAIGN:1,Test
CLASS:Coverage_!PRECHARACTERTYPE	!PRECHARACTERTYPE:1,Test
CLASS:Coverage_!PRECHECK	!PRECHECK:1,Test
CLASS:Coverage_!PRECLASS	!PRECLASS:1,Test
CLASS:Coverage_!PRECLASSLEVELMAX	!PRECLASSLEVELMAX:1,Test
CLASS:Coverage_!PRECSKILL	!PRECSKILL:1,Test
CLASS:Coverage_!PREDEITY	!PREDEITY:1,Test
CLASS:Coverage_!PREDR	!PREDR:1,Test
CLASS:Coverage_!PREEQUIP	!PREEQUIP:1,Test
CLASS:Coverage_!PREFACT	!PREFACT:1,Test
CLASS:Coverage_!PREKIT	!PREKIT:1,Test
CLASS:Coverage_!PRELANG	!PRELANG:1,Test
CLASS:Coverage_!PREMOVE	!PREMOVE:1,Test
CLASS:Coverage_!PREMULT	!PREMULT:1,Test
CLASS:Coverage_!PRERACE	!PRERACE:1,Test
CLASS:Coverage_!PREREGION	!PREREGION:1,Test
CLASS:Coverage_!PRESA	!PRESA:1,Test
CLASS:Coverage_!PRESKILL	!PRESKILL:1,Test
CLASS:Coverage_!PRESPELL	!PRESPELL:1,Test
CLASS:Coverage_!PRESPELLCAST	!PRESPELLCAST:1,Test
CLASS:Coverage_!PRESPELLDESCRIPTOR	!PRESPELLDESCRIPTOR:1,Test
CLASS:Coverage_!PRESPELLSCHOOLSUB	!PRESPELLSCHOOLSUB:1,Test
CLASS:Coverage_!PRESPELLTYPE	!PRESPELLTYPE:1,Test
CLASS:Coverage_!PRESTAT	!PRESTAT:1,Test
CLASS:Coverage_!PRESUBCLASS	!PRESUBCLASS:1,Test
CLASS:Coverage_!PRETEMPLATE	!PRETEMPLATE:1,Test
CLASS:Coverage_!PRETYPE	!PRETYPE:1,Test
CLASS:Coverage_!PREVISION	!PREVISION:1,Test
CLASS:Coverage_!PREWEAPONPROF	!PREWEAPONPROF:1,Test
CLASS:Coverage_ADD	ADD:Coverage
ALLOWDUPES:LANGUAGE
CoverageAbility_ASPECT	CATEGORY:Internal	ASPECT:Name|Value|Formula
CoverageAbility_BENEFIT	CATEGORY:Internal	BENEFIT:Coverage
BONUSFEATLEVELSTARTINTERVAL:3
CoverageTemplate_BONUSSKILLPOINTS	GENDERLOCK:Male	BONUSSKILLPOINTS:Coverage
BONUSSPELLLEVEL:1	BASESTATSCORE:12	STATRANGE:8
BONUSSTACKS:Defense.Dodge
BONUSSTATLEVELSTARTINTERVAL:4
COVER:cover.jpg
CLASS:Coverage_CSKILL	CSKILL:Coverage
CLASS:Coverage_DEFINESTAT	DEFINESTAT:CoverageVar|1
CLASS:Coverage_FACTSET	FACTSET:Group|Value
CoverageRace_FAVCLASS	MONSTERCLASS:Coverage	FAVCLASS:Coverage
CoverageTemplate_FAVOREDCLASS	GENDERLOCK:Male	FAVOREDCLASS:Coverage
FORWARDREF:RACE
CoverageTemplate_GENDERLOCK	GENDERLOCK:Coverage
HIDETYPE:FEAT
CoverageRace_HITDICEADVANCEMENT	MONSTERCLASS:Coverage	HITDICEADVANCEMENT:Coverage
ISLICENSED:NO
LICENSE:FILE=Text
LOGO:logo.png
NAME:CoverageName
CLASS:Coverage_OUTPUTNAME	OUTPUTNAME:Coverage
CLASS:Coverage_PRE	PRE:1,Test
CLASS:Coverage_PREABILITY	PREABILITY:1,Test
CLASS:Coverage_PREAGESET	PREAGESET:1,Test
CLASS:Coverage_PREALIGN	PREALIGN:1,Test
CLASS:Coverage_PREARMORTYPE	PREARMORTYPE:1,Test
CLASS:Coverage_PREATT	PREATT:1,Test
CLASS:Coverage_PREBASESIZEEQ	PREBASESIZEEQ:1,Test
CLASS:Coverage_PREBASESIZEGTEQ	PREBASESIZEGTEQ:1,Test
CLASS:Coverage_PREBASESIZELT	PREBASESIZELT:1,Test
CLASS:Coverage_PRECAMPAIGN	PRECAMPAIGN:1,Test
CLASS:Coverage_PRECHARACTERTYPE	PRECHARACTERTYPE:1,Test
CLASS:Coverage_PRECHECK	PRECHECK:1,Test
CLASS:Coverage_PRECHECKBASE	PRECHECKBASE:1,Test
CLASS:Coverage_PRECLASSLEVELMAX	PRECLASSLEVELMAX:1,Test
CLASS:Coverage_PRECSKILL	PRECSKILL:1,Test
CLASS:Coverage_PREDEITY	PREDEITY:1,Test
CLASS:Coverage_PREDEITYALIGN	PREDEITYALIGN:1,Test
CLASS:Coverage_PREDEITYDOMAIN	PREDEITYDOMAIN:1,Test
CLASS:Coverage_PREDOMAIN	PREDOMAIN:1,Test
CLASS:Coverage_PREDR	PREDR:1,Test
CLASS:Coverage_PREEQUIP	PREEQUIP:1,Test
CLASS:Coverage_PREFACT	PREFACT:1,Test
CLASS:Coverage_PREGENDER	PREGENDER:1,Test
CLASS:Coverage_PREHANDS	PREHANDS:1,Test
CLASS:Coverage_PREHANDSEQ	PREHANDSEQ:1,Test
CLASS:Coverage_PREHANDSGT	PREHANDSGT:1,Test
CLASS:Coverage_PREHANDSGTEQ	PREHANDSGTEQ:1,Test
CLASS:Coverage_PREHD	PREHD:1,Test
CLASS:Coverage_PREHP	PREHP:1,Test
CLASS:Coverage_PREITEM	PREITEM:1,Test
CLASS:Coverage_PRELANG	PRELANG:1,Test
CLASS:Coverage_PRELEGSGTEQ	PRELEGSGTEQ:1,Test
CLASS:Coverage_PRELEGSLTEQ	PRELEGSLTEQ:1,Test
CLASS:Coverage_PRELEVEL	PRELEVEL:1,Test
CLASS:Coverage_PRELEVELMAX	PRELEVELMAX:1,Test
CLASS:Coverage_PREMOVE	PREMOVE:1,Test
CLASS:Coverage_PREMULT	PREMULT:1,Test
CLASS:Coverage_PREPCLEVEL	PREPCLEVEL:1,Test
CLASS:Coverage_PREPROFWITHARMOR	PREPROFWITHARMOR:1,Test
CLASS:Coverage_PREPROFWITHSHIELD	PREPROFWITHSHIELD:1,Test
CLASS:Coverage_PRERACETYPE	PRERACETYPE:1,Test
CLASS:Coverage_PREREACH	PREREACH:1,Test
CLASS:Coverage_PREREACHGTEQ	PREREACHGTEQ:1,Test
CLASS:Coverage_PREREGION	PREREGION:1,Test
CLASS:Coverage_PRERULE	PRERULE:1,Test
CLASS:Coverage_PRESA	PRESA:1,Test
CLASS:Coverage_PRESIZEEQ	PRESIZEEQ:1,Test
CLASS:Coverage_PRESIZEGT	PRESIZEGT:1,Test
CLASS:Coverage_PRESIZEGTEQ	PRESIZEGTEQ:1,Test
CLASS:Coverage_PRESIZELT	PRESIZELT:1,Test
CLASS:Coverage_PRESIZELTEQ	PRESIZELTEQ:1,Test
CLASS:Coverage_PRESIZENEQ	PRESIZENEQ:1,Test
CLASS:Coverage_PRESKILL	PRESKILL:1,Test
CLASS:Coverage_PRESKILLTOT	PRESKILLTOT:1,Test
CLASS:Coverage_PRESPELL	PRESPELL:1,Test
CLASS:Coverage_PRESPELLBOOK	PRESPELLBOOK:1,Test
CLASS:Coverage_PRESPELLCAST	PRESPELLCAST:1,Test
CLASS:Coverage_PRESPELLDESCRIPTOR	PRESPELLDESCRIPTOR:1,Test
CLASS:Coverage_PRESPELLSCHOOL	PRESPELLSCHOOL:1,Test
CLASS:Coverage_PRESPELLSCHOOLSUB	PRESPELLSCHOOLSUB:1,Test
CLASS:Coverage_PRESPELLTYPE	PRESPELLTYPE:1,Test
CLASS:Coverage_PRESRGTEQ	PRESRGTEQ:1,Test
CLASS:Coverage_PRESRLT	PRESRLT:1,Test
CLASS:Coverage_PRESUBCLASS	PRESUBCLASS:1,Test
CLASS:Coverage_PRETEMPLATE	PRETEMPLATE:1,Test
CLASS:Coverage_PRETEXT	PRETEXT:1,Test
CLASS:Coverage_PRETOTALAB	PRETOTALAB:1,Test
CLASS:Coverage_PRETYPE	PRETYPE:1,Test
CLASS:Coverage_PREUATT	PREUATT:1,Test
CLASS:Coverage_PREVAREQ	PREVAREQ:1,Test
CLASS:Coverage_PREVARGT	PREVARGT:1,Test
CLASS:Coverage_PREVARLT	PREVARLT:1,Test
CLASS:Coverage_PREVARLTEQ	PREVARLTEQ:1,Test
CLASS:Coverage_PREVARNEQ	PREVARNEQ:1,Test
PREVIEWDIR:d20/fantasy
PREVIEWSHEET:Standard.htm.ftl
CLASS:Coverage_PREVISION	PREVISION:1,Test
CLASS:Coverage_PREWEAPONPROF	PREWEAPONPROF:1,Test
CLASS:Coverage_PREWIELD	PREWIELD:1,Test
PUBNAMEWEB:Coverage
CLASS:Coverage_QUALIFY	QUALIFY:Coverage
CoverageRace_RACESUBTYPE	MONSTERCLASS:Coverage	RACESUBTYPE:Coverage
CLASS:Coverage_SAB	SAB:Coverage
SOURCE:CoverageSource
CoverageAbility_SPELLKNOWN	CATEGORY:Internal	SPELLKNOWN:Coverage
STAT:CoverageStat	ABB:CST	STATMOD:(SCORE-10)/2
STATUS:ALPHA
CLASS:Coverage_TEMPLATE	TEMPLATE:Coverage
CLASS:Coverage_!PREDOMAIN	!PREDOMAIN:1,Chaos
URL:WEBSITE
CoverageRace_XTRASKILLPTSPERLVL	MONSTERCLASS:Coverage	XTRASKILLPTSPERLVL:Coverage
CoverageRace_MONCCSKILL	MONSTERCLASS:Coverage	MONCCSKILL:Perception
CoverageEquip_CHARGES	WT:1 lb.	COST:1 gp	CHARGES:5|10
CoverageAbility_MOVECLONE	CATEGORY:Internal	MOVECLONE:Walk,Fly,*2
CoverageTemplate_MOVECLONE	GENDERLOCK:Male	MOVECLONE:Walk,Swim,/2
CoverageRace_MOVECLONE	MONSTERCLASS:Coverage	MOVECLONE:Walk,Burrow,*0.5
CoverageRace_MONCCSKILL_REACH	STARTFEATS:1	REACH:5	MONSTERCLASS:Coverage	MONCCSKILL:Perception
CLASS:Coverage_SPELLBOOK	SPELLSTAT:INT	SPELLBOOK:YES
CoverageSpell_XPCOST	TYPE:Arcane	SCHOOL:Abjuration	COMPS:V	CASTTIME:1 action	RANGE:Close	TARGETAREA:One target	DURATION:1 round	SAVEINFO:None	SPELLRES:No	XPCOST:250
