CLASS:Coverage_!PREABILITY	!PREABILITY:1,Test
CLASS:Coverage_!PREAGESET	!PREAGESET:1,Test
CLASS:Coverage_!PREALIGN	!PREALIGN:1,Test
CLASS:Coverage_!PRECAMPAIGN	!PRECAMPAIGN:1,Test
CLASS:Coverage_!PRECHARACTERTYPE	!PRECHARACTERTYPE:1,Test
CLASS:Coverage_!PRECHECK	!PRECHECK:1,Test
CLASS:Coverage_!PRECLASS	!PRECLASS:1,Test
CLASS:Coverage_!PRECLASSLEVELMAX	!PRECLASSLEVELMAX:1,Test
CLASS:Coverage_!PRECSKILL	!PRECSKILL:1,Test
CLASS:Coverage_!PREDEITY	!PREDEITY:1,Test
CLASS:Coverage_!PREDR	!PREDR:1,Test
CLASS:Coverage_!PREEQUIP	!PREEQUIP:1,Test
CLASS:Coverage_!PREFACT	!PREFACT:1,Test
CLASS:Coverage_!PREKIT	!PREKIT:1,Test
CLASS:Coverage_!PRELANG	!PRELANG:1,Test
CLASS:Coverage_!PREMOVE	!PREMOVE:1,Test
CLASS:Coverage_!PREMULT	!PREMULT:1,Test
CLASS:Coverage_!PRERACE	!PRERACE:1,Test
CLASS:Coverage_!PREREGION	!PREREGION:1,Test
CLASS:Coverage_!PRESA	!PRESA:1,Test
CLASS:Coverage_!PRESKILL	!PRESKILL:1,Test
CLASS:Coverage_!PRESPELL	!PRESPELL:1,Test
CLASS:Coverage_!PRESPELLCAST	!PRESPELLCAST:1,Test
CLASS:Coverage_!PRESPELLDESCRIPTOR	!PRESPELLDESCRIPTOR:1,Test
CLASS:Coverage_!PRESPELLSCHOOLSUB	!PRESPELLSCHOOLSUB:1,Test
CLASS:Coverage_!PRESPELLTYPE	!PRESPELLTYPE:1,Test
CLASS:Coverage_!PRESTAT	!PRESTAT:1,Test
CLASS:Coverage_!PRESUBCLASS	!PRESUBCLASS:1,Test
CLASS:Coverage_!PRETEMPLATE	!PRETEMPLATE:1,Test
CLASS:Coverage_!PRETYPE	!PRETYPE:1,Test
CLASS:Coverage_!PREVISION	!PREVISION:1,Test
CLASS:Coverage_!PREWEAPONPROF	!PREWEAPONPROF:1,Test
CLASS:Coverage_ADD	ADD:Coverage
ALLOWDUPES:LANGUAGE
CoverageAbility_ASPECT	CATEGORY:Internal	ASPECT:Name|Value|Formula
CoverageAbility_BENEFIT	CATEGORY:Internal	BENEFIT:Coverage
BONUSFEATLEVELSTARTINTERVAL:3
CoverageTemplate_BONUSSKILLPOINTS	GENDERLOCK:Male	BONUSSKILLPOINTS:Coverage
BONUSSPELLLEVEL:1	BASESTATSCORE:12	STATRANGE:8
BONUSSTACKS:Defense.Dodge
BONUSSTATLEVELSTARTINTERVAL:4
COVER:cover.jpg
LSTEXCLUDE:excluded_races.lst|excluded_feats.lst
CLASS:Coverage_CSKILL	CSKILL:Coverage
CLASS:Coverage_CCSKILL	CCSKILL:Ride|Handle Animal
CLASS:Coverage_DEFINESTAT	DEFINESTAT:CoverageVar|1
CLASS:Coverage_FACTSET	FACTSET:Group|Value
CoverageRace_FAVCLASS	MONSTERCLASS:Coverage	FAVCLASS:Coverage
CoverageTemplate_FAVOREDCLASS	GENDERLOCK:Male	FAVOREDCLASS:Coverage
FORWARDREF:RACE
CoverageTemplate_GENDERLOCK	GENDERLOCK:Coverage
HIDETYPE:FEAT
CoverageRace_HITDICEADVANCEMENT	MONSTERCLASS:Coverage	HITDICEADVANCEMENT:Coverage
ISLICENSED:NO
LICENSE:FILE=Text
LOGO:logo.png
NAME:CoverageName
CLASS:Coverage_OUTPUTNAME	OUTPUTNAME:Coverage
CLASS:Coverage_PRE	PRE:1,Test
CLASS:Coverage_PREABILITY	PREABILITY:1,Test
CLASS:Coverage_PREAGESET	PREAGESET:1,Test
CLASS:Coverage_PREALIGN	PREALIGN:1,Test
CLASS:Coverage_PREARMORTYPE	PREARMORTYPE:1,Test
CLASS:Coverage_PREATT	PREATT:1,Test
CLASS:Coverage_PREBASESIZEEQ	PREBASESIZEEQ:1,Test
CLASS:Coverage_PREBASESIZEGTEQ	PREBASESIZEGTEQ:1,Test
CLASS:Coverage_PREBASESIZELT	PREBASESIZELT:1,Test
CLASS:Coverage_PRECAMPAIGN	PRECAMPAIGN:1,Test
CLASS:Coverage_PRECHARACTERTYPE	PRECHARACTERTYPE:1,Test
CLASS:Coverage_PRECHECK	PRECHECK:1,Test
CLASS:Coverage_PRECHECKBASE	PRECHECKBASE:1,Test
CLASS:Coverage_PRECLASSLEVELMAX	PRECLASSLEVELMAX:1,Test
CLASS:Coverage_PRECSKILL	PRECSKILL:1,Test
CLASS:Coverage_PREDEITY	PREDEITY:1,Test
CLASS:Coverage_PREDEITYALIGN	PREDEITYALIGN:1,Test
CLASS:Coverage_PREDEITYDOMAIN	PREDEITYDOMAIN:1,Test
CLASS:Coverage_PREDOMAIN	PREDOMAIN:1,Test
CLASS:Coverage_PREDR	PREDR:1,Test
CLASS:Coverage_PREEQUIP	PREEQUIP:1,Test
CLASS:Coverage_PREFACT	PREFACT:1,Test
CLASS:Coverage_PREGENDER	PREGENDER:1,Test
CLASS:Coverage_PREHANDS	PREHANDS:1,Test
CLASS:Coverage_PREHANDSEQ	PREHANDSEQ:1,Test
CLASS:Coverage_PREHANDSGT	PREHANDSGT:1,Test
CLASS:Coverage_PREHANDSGTEQ	PREHANDSGTEQ:1,Test
CLASS:Coverage_PREHD	PREHD:1,Test
CLASS:Coverage_PREHP	PREHP:1,Test
CLASS:Coverage_PREITEM	PREITEM:1,Test
CLASS:Coverage_PRELANG	PRELANG:1,Test
CLASS:Coverage_PRELEGSGTEQ	PRELEGSGTEQ:1,Test
CLASS:Coverage_PRELEGSLTEQ	PRELEGSLTEQ:1,Test
CLASS:Coverage_PRELEVEL	PRELEVEL:1,Test
CLASS:Coverage_PRELEVELMAX	PRELEVELMAX:1,Test
CLASS:Coverage_PREMOVE	PREMOVE:1,Test
CLASS:Coverage_PREMULT	PREMULT:1,Test
CLASS:Coverage_PREPCLEVEL	PREPCLEVEL:1,Test
CLASS:Coverage_PREPROFWITHARMOR	PREPROFWITHARMOR:1,Test
CLASS:Coverage_PREPROFWITHSHIELD	PREPROFWITHSHIELD:1,Test
CLASS:Coverage_PRERACETYPE	PRERACETYPE:1,Test
CLASS:Coverage_PREREACH	PREREACH:1,Test
CLASS:Coverage_PREREACHGTEQ	PREREACHGTEQ:1,Test
CLASS:Coverage_PREREGION	PREREGION:1,Test
CLASS:Coverage_PRERULE	PRERULE:1,Test
CLASS:Coverage_PRESA	PRESA:1,Test
CLASS:Coverage_PRESIZEEQ	PRESIZEEQ:1,Test
CLASS:Coverage_PRESIZEGT	PRESIZEGT:1,Test
CLASS:Coverage_PRESIZEGTEQ	PRESIZEGTEQ:1,Test
CLASS:Coverage_PRESIZELT	PRESIZELT:1,Test
CLASS:Coverage_PRESIZELTEQ	PRESIZELTEQ:1,Test
CLASS:Coverage_PRESIZENEQ	PRESIZENEQ:1,Test
CLASS:Coverage_PRESKILL	PRESKILL:1,Test
CLASS:Coverage_PRESKILLTOT	PRESKILLTOT:1,Test
CLASS:Coverage_PRESPELL	PRESPELL:1,Test
CLASS:Coverage_PRESPELLBOOK	PRESPELLBOOK:1,Test
CLASS:Coverage_PRESPELLCAST	PRESPELLCAST:1,Test
CLASS:Coverage_PRESPELLDESCRIPTOR	PRESPELLDESCRIPTOR:1,Test
CLASS:Coverage_PRESPELLSCHOOL	PRESPELLSCHOOL:1,Test
CLASS:Coverage_PRESPELLSCHOOLSUB	PRESPELLSCHOOLSUB:1,Test
CLASS:Coverage_PRESPELLTYPE	PRESPELLTYPE:1,Test
CLASS:Coverage_PRESRGTEQ	PRESRGTEQ:1,Test
CLASS:Coverage_PRESRLT	PRESRLT:1,Test
CLASS:Coverage_PRESUBCLASS	PRESUBCLASS:1,Test
CLASS:Coverage_PRETEMPLATE	PRETEMPLATE:1,Test
CLASS:Coverage_PRETEXT	PRETEXT:1,Test
CLASS:Coverage_PRETOTALAB	PRETOTALAB:1,Test
CLASS:Coverage_PRETYPE	PRETYPE:1,Test
CLASS:Coverage_PREUATT	PREUATT:1,Test
CLASS:Coverage_PREVAREQ	PREVAREQ:1,Test
CLASS:Coverage_PREVARGT	PREVARGT:1,Test
CLASS:Coverage_PREVARLT	PREVARLT:1,Test
CLASS:Coverage_PREVARLTEQ	PREVARLTEQ:1,Test
CLASS:Coverage_PREVARNEQ	PREVARNEQ:1,Test
PREVIEWDIR:d20/fantasy
PREVIEWSHEET:Standard.htm.ftl
CLASS:Coverage_PREVISION	PREVISION:1,Test
CLASS:Coverage_PREWEAPONPROF	PREWEAPONPROF:1,Test
CLASS:Coverage_PREWIELD	PREWIELD:1,Test
PUBNAMEWEB:Coverage
CLASS:Coverage_QUALIFY	QUALIFY:Coverage
CoverageRace_RACESUBTYPE	MONSTERCLASS:Coverage	RACESUBTYPE:Coverage
CLASS:Coverage_SAB	SAB:Coverage
SOURCE:CoverageSource
CoverageAbility_SPELLKNOWN	CATEGORY:Internal	SPELLKNOWN:Coverage
STAT:CoverageStat	ABB:CST	STATMOD:(SCORE-10)/2
STATUS:ALPHA
CLASS:Coverage_TEMPLATE	TEMPLATE:Coverage
CLASS:Coverage_!PREDOMAIN	!PREDOMAIN:1,Chaos
URL:WEBSITE
CoverageRace_XTRASKILLPTSPERLVL	MONSTERCLASS:Coverage	XTRASKILLPTSPERLVL:Coverage
CoverageRace_MONCCSKILL	MONSTERCLASS:Coverage	MONCCSKILL:Perception
CoverageEquip_CHARGES	WT:1 lb.	COST:1 gp	CHARGES:5|10
CoverageAbility_MOVECLONE	CATEGORY:Internal	MOVECLONE:Walk,Fly,*2
CoverageAbility_UNENCUMBEREDMOVE	CATEGORY:Internal	UNENCUMBEREDMOVE:HeavyLoad|HeavyArmor
CoverageTemplate_MOVECLONE	GENDERLOCK:Male	MOVECLONE:Walk,Swim,/2
CoverageRace_MOVECLONE	MONSTERCLASS:Coverage	MOVECLONE:Walk,Burrow,*0.5
CoverageRace_MONCCSKILL_REACH	STARTFEATS:1	REACH:5	MONSTERCLASS:Coverage	MONCCSKILL:Perception
CoverageRace_CRMOD	STARTFEATS:1	CRMOD:NPC|0
CLASS:Coverage_SPELLBOOK	SPELLSTAT:INT	SPELLBOOK:YES
CoverageSpell_XPCOST	TYPE:Arcane	SCHOOL:Abjuration	COMPS:V	CASTTIME:1 action	RANGE:Close	TARGETAREA:One target	DURATION:1 round	SAVEINFO:None	SPELLRES:No	XPCOST:250
GENRE:Fantasy
ISOGL:YES
INFOTEXT:Supports 6.8.0
UNITSET:Imperial	HEIGHTUNIT:ftin	HEIGHTFACTOR:1	HEIGHTPATTERN:#	DISTANCEUNIT:ft.	DISTANCEFACTOR:1	DISTANCEPATTERN:#.##	WEIGHTUNIT:lbs.	WEIGHTFACTOR:1	WEIGHTPATTERN:#.##
EQUIPMENT:coverage_equip.lst
PCC:../core/core_rulebook.pcc
EQUIPMOD:coverage_equipmods.lst
DATACONTROL:coverage_datacontrols.lst
COMPANIONMOD:coverage_companionmods.lst	PRECAMPAIGN:1,INCLUDES=Coverage Book
LANGUAGE:coverage_languages.lst
ALIGNMENT:coverage_alignment.lst
SAVE:coverage_saves.lst
BIOSET:coverage_biosettings.lst
WEAPONPROF:coverage_weaponprofs.lst
ARMORPROF:coverage_armorprofs.lst
SHIELDPROF:coverage_shieldprofs.lst
FACTSETDEF:CLASS|ROLE	DATAFORMAT:STRING	VISIBLE:YES	SELECTABLE:NO	REQUIRED:NO	DISPLAYNAME:ROLE	EXPLANATION:Coverage role field
LOCAL:PC.SKILL|NUMBER=Rank	EXPLANATION:Coverage local variable
GLOBAL:NUMBER=STR	EXPLANATION:Coverage global variable
MAXDEVVER:6.8.0
LOAD:0|0
LEVEL:1	MINXP:0	CSKILLMAX:1	CCSKILLMAX:1
FUNDS:gp	QTY:100
STARTPACK:CoverageGenderedKit	TOTALCOST:if(var("SIZE==3||SIZE==4"),5,10)
GENDER:Female
METHOD:Coverage Method	POINTS:20
SIZEMULT:M|1
ENCUMBRANCE:Light|1/3||0
DEFAULTVARIABLEVALUE:NUMBER|0
SPELLRANGE:CLOSE|floor(CASTERLEVEL/2)*5+25
OUTPUTSHEET:DIRECTORY|d20/fantasy
INFOSHEET:SUMMARY|preview/summary/35e_info.html.ftl
WEAPONCATEGORY:Simple
ROLLMETHOD:Coverage Roll Method	SORTKEY:A1	METHOD:roll(4,6,top(3))
CLASSTYPE:PC	CRFORMULA:CL	ISMONSTER:NO	XPPENALTY:NO
CLASSTYPE:NPC	CRMOD:-2	CRMODPRIORITY:2	CRFORMULA:TL	ISMONSTER:YES	XPPENALTY:NO
CoverageEquipment_PLUS_FORMATCAT_ASSIGNTOALL	WT:1	PLUS:1	FORMATCAT:MIDDLE	ASSIGNTOALL:YES
CoverageEquip_ARMORTYPE	WT:1	COST:1	ARMORTYPE:Medium|Light	ARMORTYPE:Heavy|Medium
KIT:Coverage_COUNT	GEAR:Longsword|Dagger	COUNT:2
GEAR:TYPE=Goods	MAXCOST:500	QTY:1
CLASS:Coverage_EXCLASS	SPELLSTAT:INT	EXCLASS:CoverageAlt
CLASS:Coverage_EXCHANGELEVEL	SPELLSTAT:INT	EXCHANGELEVEL:CoverageSwap
CLASS:Coverage_DEITY	SPELLSTAT:WIS	DEITY:Zeus|Athena
CoverageRace_SKILLMULT	STARTFEATS:1	SKILLMULT:1
CoverageAbility_TEMPVALUE	CATEGORY:Internal	TEMPVALUE:2
CoverageAbility_DESCISPI	CATEGORY:Internal	DESCISPI:YES	DESC:Description flagged as PI
CoverageAbility_MODIFY_ADD	CATEGORY:Internal	MODIFY:TestVar|ADD|1
CoverageAbility_MODIFY_SET	CATEGORY:Internal	MODIFY:Damage|SET|10d6
CoverageAbility_MODIFY_SOLVE	CATEGORY:Internal	MODIFY:Score|SOLVE|10
CoverageEquip_PART_MODIFY	WT:1	COST:1	PART:1|MODIFY:Damage|SET|1d8
CoverageAbility_MODIFYOTHER	CATEGORY:Internal	MODIFYOTHER:PC.MOVEMENT|Walk|Speed|SET|30
CoverageTemplate_TEMPVALUE	GENDERLOCK:Male	TEMPVALUE:4
CoverageSpell_TEMPVALUE	TYPE:Arcane	SCHOOL:Abjuration	COMPS:V	CASTTIME:1 action	RANGE:Close	TARGETAREA:One target	DURATION:1 round	SAVEINFO:None	SPELLRES:No	TEMPVALUE:5
CLASS:Coverage_ROLE	SPELLSTAT:INT	ROLE:Support
SKILL:CoverageSkill_EXCLUSIVE	USEUNTRAINED:YES	EXCLUSIVE:YES	COUNT:2
CoverageTemplate_REGION	GENDERLOCK:Male	REGION:Coast
CoverageTemplate_SUBREGION	GENDERLOCK:Male	REGION:Coast	SUBREGION:South Side
NAME:CoverageRule	PARM:COVERAGE_TOGGLE	VAR:SYS_COVERAGE	DEFAULT:YES	EXCLUDE:COVERAGE_ALT
ACTYPE:CoverageTouch	ADD:TOTAL	REMOVE:Armor|Shield
BASEDICE:1d6	UP:1d8,2d6	DOWN:1d4,1d3
WEAPONTYPE:Bludgeoning|B
TABLE:Coverage Table	VALUES:EQMOD:Test|1,100
WIELDCATEGORY:Light	SWITCH:OneHanded	SIZEDIFF:-1	FINESSABLE:YES
EQSLOT:Ring	CONTAINS:Ring=2	NUMBER:HANDS
TAB:INVENTORY	CONTEXT:tabpages/tabinventory.html
AGESET:5|Elder
SUBCLASS:CoverageArchetype	COST:0	SPELLLIST:1|Arcane
CLASS:Coverage_SUBCLASS	SPELLSTAT:INT	SUBCLASS:CoverageArchetype
CoverageAbility_NEWCATEGORY	CATEGORY:Internal	NEWCATEGORY:Mythic Feat
